<?xml version="1.0" encoding="utf-8"?>
<TestRun id="01e8c6d5-1888-4642-baab-970243d4cd86" name="@fv-az1112-52 2025-06-07 15:17:23" xmlns="http://microsoft.com/schemas/VisualStudio/TeamTest/2010">
  <Times creation="2025-06-07T15:17:23.6963520+00:00" queuing="2025-06-07T15:17:23.6963521+00:00" start="2025-06-07T15:16:26.2934595+00:00" finish="2025-06-07T15:18:18.6080456+00:00" />
  <TestSettings name="default" id="7c7b810d-e669-48f2-9167-fd7ef9389796">
    <Deployment runDeploymentRoot="_fv-az1112-52_2025-06-07_15_17_23" />
  </TestSettings>
  <Results>
    <UnitTestResult executionId="70e382c1-1c31-4cd2-9627-08f55706a562" testId="fa1cc84e-25b0-d513-d3a6-dea64efa6980" testName="Conaprole.Orders.Application.IntegrationTests.PointsOfSale.DisablePointOfSaleTest.DisablePointOfSaleCommand_WithActivePointOfSale_ShouldReturnSuccessAndDeactivate" computerName="fv-az1112-52" duration="00:00:00.5267177" startTime="2025-06-07T15:17:49.7652272+00:00" endTime="2025-06-07T15:17:49.7652274+00:00" testType="13cdc9d9-ddb5-4fa4-a97d-d965ccfc6d4b" outcome="Passed" testListId="8c84fa94-04c1-424b-9868-57a2d4851a1d" relativeResultsDirectory="70e382c1-1c31-4cd2-9627-08f55706a562" />
    <UnitTestResult executionId="4de09b79-f5ec-4e29-a61f-f036f59f6ab0" testId="36c8c967-5d02-07a7-dd3b-d35c55852c74" testName="Conaprole.Orders.Application.IntegrationTests.Distributors.GetDistributorsTest.GetDistributorsQuery_WithNoDistributors_Returns_EmptyList" computerName="fv-az1112-52" duration="00:00:00.0030580" startTime="2025-06-07T15:18:17.3992743+00:00" endTime="2025-06-07T15:18:17.3992744+00:00" testType="13cdc9d9-ddb5-4fa4-a97d-d965ccfc6d4b" outcome="Passed" testListId="8c84fa94-04c1-424b-9868-57a2d4851a1d" relativeResultsDirectory="4de09b79-f5ec-4e29-a61f-f036f59f6ab0" />
    <UnitTestResult executionId="a7dc9d3d-6739-495b-8326-2ec61d904227" testId="c690d0a4-1b0f-f2e3-5296-0d21bc583d36" testName="Conaprole.Orders.Application.IntegrationTests.PointsOfSale.DisablePointOfSaleTest.DisablePointOfSaleCommand_WithNonExistentPointOfSale_ShouldReturnFailure" computerName="fv-az1112-52" duration="00:00:00.0091724" startTime="2025-06-07T15:17:49.7744734+00:00" endTime="2025-06-07T15:17:49.7744736+00:00" testType="13cdc9d9-ddb5-4fa4-a97d-d965ccfc6d4b" outcome="Passed" testListId="8c84fa94-04c1-424b-9868-57a2d4851a1d" relativeResultsDirectory="a7dc9d3d-6739-495b-8326-2ec61d904227" />
    <UnitTestResult executionId="1cf0efad-b19c-4030-bebe-3a9c9d77a4c5" testId="3b189d6f-71ab-dc9f-cf85-cfbdca99c3b0" testName="Conaprole.Orders.Application.IntegrationTests.Distributors.GetDistributorsTest.GetDistributorsQuery_WithDistributors_Returns_AllDistributors" computerName="fv-az1112-52" duration="00:00:00.3163621" startTime="2025-06-07T15:18:17.3960844+00:00" endTime="2025-06-07T15:18:17.3960845+00:00" testType="13cdc9d9-ddb5-4fa4-a97d-d965ccfc6d4b" outcome="Passed" testListId="8c84fa94-04c1-424b-9868-57a2d4851a1d" relativeResultsDirectory="1cf0efad-b19c-4030-bebe-3a9c9d77a4c5" />
    <UnitTestResult executionId="606e9d81-72c0-4464-a369-f45295de3782" testId="782a24bf-55c7-c04a-2c73-478ccd69df4b" testName="Conaprole.Orders.Application.IntegrationTests.Products.GetProductsTest.GetProductsQuery_Returns_Seeded_Product" computerName="fv-az1112-52" duration="00:00:02.3254478" startTime="2025-06-07T15:17:22.9810996+00:00" endTime="2025-06-07T15:17:22.9811476+00:00" testType="13cdc9d9-ddb5-4fa4-a97d-d965ccfc6d4b" outcome="Passed" testListId="8c84fa94-04c1-424b-9868-57a2d4851a1d" relativeResultsDirectory="606e9d81-72c0-4464-a369-f45295de3782" />
  </Results>
  <TestDefinitions>
    <UnitTest name="Conaprole.Orders.Application.IntegrationTests.Products.GetProductsTest.GetProductsQuery_Returns_Seeded_Product" storage="/home/runner/work/conaprole/conaprole/test/conaprole.orders.application.integrationtests/bin/debug/net8.0/conaprole.orders.application.integrationtests.dll" id="782a24bf-55c7-c04a-2c73-478ccd69df4b">
      <Execution id="606e9d81-72c0-4464-a369-f45295de3782" />
      <TestMethod codeBase="/home/runner/work/Conaprole/Conaprole/test/Conaprole.Orders.Application.IntegrationTests/bin/Debug/net8.0/Conaprole.Orders.Application.IntegrationTests.dll" adapterTypeName="executor://xunit/VsTestRunner2/netcoreapp" className="Conaprole.Orders.Application.IntegrationTests.Products.GetProductsTest" name="GetProductsQuery_Returns_Seeded_Product" />
    </UnitTest>
    <UnitTest name="Conaprole.Orders.Application.IntegrationTests.PointsOfSale.DisablePointOfSaleTest.DisablePointOfSaleCommand_WithNonExistentPointOfSale_ShouldReturnFailure" storage="/home/runner/work/conaprole/conaprole/test/conaprole.orders.application.integrationtests/bin/debug/net8.0/conaprole.orders.application.integrationtests.dll" id="c690d0a4-1b0f-f2e3-5296-0d21bc583d36">
      <Execution id="a7dc9d3d-6739-495b-8326-2ec61d904227" />
      <TestMethod codeBase="/home/runner/work/Conaprole/Conaprole/test/Conaprole.Orders.Application.IntegrationTests/bin/Debug/net8.0/Conaprole.Orders.Application.IntegrationTests.dll" adapterTypeName="executor://xunit/VsTestRunner2/netcoreapp" className="Conaprole.Orders.Application.IntegrationTests.PointsOfSale.DisablePointOfSaleTest" name="DisablePointOfSaleCommand_WithNonExistentPointOfSale_ShouldReturnFailure" />
    </UnitTest>
    <UnitTest name="Conaprole.Orders.Application.IntegrationTests.PointsOfSale.DisablePointOfSaleTest.DisablePointOfSaleCommand_WithActivePointOfSale_ShouldReturnSuccessAndDeactivate" storage="/home/runner/work/conaprole/conaprole/test/conaprole.orders.application.integrationtests/bin/debug/net8.0/conaprole.orders.application.integrationtests.dll" id="fa1cc84e-25b0-d513-d3a6-dea64efa6980">
      <Execution id="70e382c1-1c31-4cd2-9627-08f55706a562" />
      <TestMethod codeBase="/home/runner/work/Conaprole/Conaprole/test/Conaprole.Orders.Application.IntegrationTests/bin/Debug/net8.0/Conaprole.Orders.Application.IntegrationTests.dll" adapterTypeName="executor://xunit/VsTestRunner2/netcoreapp" className="Conaprole.Orders.Application.IntegrationTests.PointsOfSale.DisablePointOfSaleTest" name="DisablePointOfSaleCommand_WithActivePointOfSale_ShouldReturnSuccessAndDeactivate" />
    </UnitTest>
    <UnitTest name="Conaprole.Orders.Application.IntegrationTests.Distributors.GetDistributorsTest.GetDistributorsQuery_WithNoDistributors_Returns_EmptyList" storage="/home/runner/work/conaprole/conaprole/test/conaprole.orders.application.integrationtests/bin/debug/net8.0/conaprole.orders.application.integrationtests.dll" id="36c8c967-5d02-07a7-dd3b-d35c55852c74">
      <Execution id="4de09b79-f5ec-4e29-a61f-f036f59f6ab0" />
      <TestMethod codeBase="/home/runner/work/Conaprole/Conaprole/test/Conaprole.Orders.Application.IntegrationTests/bin/Debug/net8.0/Conaprole.Orders.Application.IntegrationTests.dll" adapterTypeName="executor://xunit/VsTestRunner2/netcoreapp" className="Conaprole.Orders.Application.IntegrationTests.Distributors.GetDistributorsTest" name="GetDistributorsQuery_WithNoDistributors_Returns_EmptyList" />
    </UnitTest>
    <UnitTest name="Conaprole.Orders.Application.IntegrationTests.Distributors.GetDistributorsTest.GetDistributorsQuery_WithDistributors_Returns_AllDistributors" storage="/home/runner/work/conaprole/conaprole/test/conaprole.orders.application.integrationtests/bin/debug/net8.0/conaprole.orders.application.integrationtests.dll" id="3b189d6f-71ab-dc9f-cf85-cfbdca99c3b0">
      <Execution id="1cf0efad-b19c-4030-bebe-3a9c9d77a4c5" />
      <TestMethod codeBase="/home/runner/work/Conaprole/Conaprole/test/Conaprole.Orders.Application.IntegrationTests/bin/Debug/net8.0/Conaprole.Orders.Application.IntegrationTests.dll" adapterTypeName="executor://xunit/VsTestRunner2/netcoreapp" className="Conaprole.Orders.Application.IntegrationTests.Distributors.GetDistributorsTest" name="GetDistributorsQuery_WithDistributors_Returns_AllDistributors" />
    </UnitTest>
  </TestDefinitions>
  <TestEntries>
    <TestEntry testId="fa1cc84e-25b0-d513-d3a6-dea64efa6980" executionId="70e382c1-1c31-4cd2-9627-08f55706a562" testListId="8c84fa94-04c1-424b-9868-57a2d4851a1d" />
    <TestEntry testId="36c8c967-5d02-07a7-dd3b-d35c55852c74" executionId="4de09b79-f5ec-4e29-a61f-f036f59f6ab0" testListId="8c84fa94-04c1-424b-9868-57a2d4851a1d" />
    <TestEntry testId="c690d0a4-1b0f-f2e3-5296-0d21bc583d36" executionId="a7dc9d3d-6739-495b-8326-2ec61d904227" testListId="8c84fa94-04c1-424b-9868-57a2d4851a1d" />
    <TestEntry testId="3b189d6f-71ab-dc9f-cf85-cfbdca99c3b0" executionId="1cf0efad-b19c-4030-bebe-3a9c9d77a4c5" testListId="8c84fa94-04c1-424b-9868-57a2d4851a1d" />
    <TestEntry testId="782a24bf-55c7-c04a-2c73-478ccd69df4b" executionId="606e9d81-72c0-4464-a369-f45295de3782" testListId="8c84fa94-04c1-424b-9868-57a2d4851a1d" />
  </TestEntries>
  <TestLists>
    <TestList name="Results Not in a List" id="8c84fa94-04c1-424b-9868-57a2d4851a1d" />
    <TestList name="All Loaded Results" id="19431567-8539-422a-85d7-44ee4e166bda" />
  </TestLists>
  <ResultSummary outcome="Completed">
    <Counters total="5" executed="5" passed="5" failed="0" error="0" timeout="0" aborted="0" inconclusive="0" passedButRunAborted="0" notRunnable="0" notExecuted="0" disconnected="0" warning="0" completed="0" inProgress="0" pending="0" />
    <Output>
      <StdOut>[xUnit.net 00:00:00.00] xUnit.net VSTest Adapter v2.5.3.1+6b60a9e56a (64-bit .NET 8.0.16)
[xUnit.net 00:00:00.16]   Discovering: Conaprole.Orders.Application.IntegrationTests
[xUnit.net 00:00:00.21]   Discovered:  Conaprole.Orders.Application.IntegrationTests
[xUnit.net 00:00:00.22]   Starting:    Conaprole.Orders.Application.IntegrationTests
[xUnit.net 00:01:51.56]   Finished:    Conaprole.Orders.Application.IntegrationTests
</StdOut>
    </Output>
  </ResultSummary>
</TestRun>